// Bun Snapshot v1, https://goo.gl/fbAQLP

exports[`Card Snapshot 1`] = `"<div class="bg-white text-black border p-2 rounded-md min-h-32"></div>"`;
