// Vitest Snapshot v1, https://vitest.dev/guide/snapshot.html

exports[`Label Snapshot 1`] = `"<label class="text-black dark:text-white">Label</label>"`;
