// Vitest Snapshot v1, https://vitest.dev/guide/snapshot.html

exports[`ToggleButton Snapshot 1`] = `"<button type="button" aria-pressed="false" class="rounded-md outline-none text-base px-2 py-1 border box-border text-black bg-neutral-100 hover:bg-neutral-200 dark:bg-neutral-800 dark:text-white dark:border-neutral-700 dark:hover:bg-neutral-800" data-rac="">Toggle Button</button>"`;
