// Vitest Snapshot v1, https://vitest.dev/guide/snapshot.html

exports[`Link Snapshot 1`] = `"<a class="text-blue-600 dark:text-blue-600" data-rac="" href="https://github.com/yutalinux/web-component-lib">Link</a>"`;
